// Jest Snapshot v1, https://goo.gl/fbAQLP

exports[`Loader component matches snapshot 1`] = `
<DocumentFragment>
  <div
    class="loading"
  />
</DocumentFragment>
`;

exports[`matches snapshot 1`] = `
<DocumentFragment>
  <div
    class="loading"
  />
</DocumentFragment>
`;
