// Jest Snapshot v1, https://goo.gl/fbAQLP

exports[`AppComponent matches snapshot 1`] = `
<DocumentFragment>
  <div
    class="App"
  >
    <h1>
      NY Times Most Popular Articles
    </h1>
  </div>
  <ul
    class="article-list"
  >
    <div
      class="loading"
      role="presentation"
    />
  </ul>
  ;
</DocumentFragment>
`;

exports[`ArticleDetail matches snapshot 1`] = `
<DocumentFragment>
  <div
    class="App"
  >
    <h1>
      NY Times Most Popular Articles
    </h1>
  </div>
  <ul
    class="article-list"
  >
    <div
      class="loading"
      role="presentation"
    />
  </ul>
  ;
</DocumentFragment>
`;

exports[`matches snapshot 1`] = `
<DocumentFragment>
  <div
    class="App"
  >
    <h1>
      NY Times Most Popular Articles
    </h1>
  </div>
  <ul
    class="article-list"
  >
    <div
      class="loading"
      role="presentation"
    />
  </ul>
  ;
</DocumentFragment>
`;
